// Jest Snapshot v1, https://goo.gl/fbAQLP

exports[`exports as expected 1`] = `[Function]`;
